
> portfolio@0.1.0 build
> next build

   ▲ Next.js 15.2.8
   - Environments: .env

   Creating an optimized production build ...
Failed to compile.

./src/components/hero/hero-project.tsx
Module not found: Can't resolve '@/utils/api/projets'

https://nextjs.org/docs/messages/module-not-found


> Build failed because of webpack errors
