
> portfolio@0.1.0 build
> next build

   Γû▓ Next.js 15.2.0
   - Environments: .env

   Creating an optimized production build ...
 Γ£ô Compiled successfully
   Linting and checking validity of types ...
node.exe : 
At line:1 char:1
+ & "C:\Program Files
\nodejs/node.exe" 
"C:\Program 
Files\nodejs/node_mo 
...
+ ~~~~~~~~~~~~~~~~~~~
~~~~~~~~~~~~~~~~~~~~~
~~~~~~~~~~~~~~~~~~~~~
~~~~~~~~
    + CategoryInfo   
           : NotSpe  
  cified: (:String   
 ) [], RemoteExce    
ption
    + FullyQualified 
   ErrorId : Native  
  CommandError
 
Failed to compile.

./src/components/comm
and-palette/command-p
alette.tsx
39:6  Warning: React 
Hook useEffect has a 
missing dependency: 
'fuse'. Either 
include it or remove 
the dependency 
array.  react-hooks/e
xhaustive-deps
57:6  Warning: React 
Hook useEffect has a 
missing dependency: 
'fuse'. Either 
include it or remove 
the dependency 
array.  react-hooks/e
xhaustive-deps

./src/components/hero
/hero.tsx
5:20  Error: 
'useRef' is defined 
but never used.  @typ
escript-eslint/no-unu
sed-vars

./src/components/side
bar/work-sidebar-wrap
per.tsx
4:21  Error: 
'AnimatePresence' is 
defined but never 
used.  @typescript-es
lint/no-unused-vars
18:13  Error: 
'isWorkSidebarOpen' 
is assigned a value 
but never used.  @typ
escript-eslint/no-unu
sed-vars

info  - Need to 
disable some ESLint 
rules? Learn more 
here: https://nextjs.
org/docs/app/api-refe
rence/config/eslint#d
isabling-rules
